<html><head><title>Facture du client</title><meta charset='utf-8'><meta name='viewport' content='width=device-width, initial-scale=1'><link rel='stylesheet' href='https://cdn.jsdelivr.net/npm/bootstrap@4.6.1/dist/css/bootstrap.min.css'><script src='https://cdn.jsdelivr.net/npm/jquery@3.6.0/dist/jquery.slim.min.js'></script><script src='https://cdn.jsdelivr.net/npm/popper.js@1.16.1/dist/umd/popper.min.js'></script><script src='https://cdn.jsdelivr.net/npm/bootstrap@4.6.1/dist/js/bootstrap.bundle.min.js'></script></head> <div class='container'><h1>Invoice</h1><h4 class='text-center'><strong>Client :</strong>BigCo</h4><table class='table table-dark table-striped'><thead><tr><th>Piece</th><th>Seats sold</th><th>Price</th></tr></thead><tbody><tr><th>Hamlet</th><th>55.0</th><th>$650.00<t/h></tr><tr><th>As You Like It</th><th>35.0</th><th>$580.00<t/h></tr><tr><th>Othello</th><th>40.0</th><th>$500.00<t/h></tr><tr><th></th><th>Total owed</th><th>$1,730.00</th></tr><tr><th></th><th>Fidelity points earned</th><th>47.0</th></tr></tbody></table><p><strong>Payement is required under 30 days. We can break your knees if you don't do so.</strong></p></div></html>